// Jest Snapshot v1, https://goo.gl/fbAQLP

exports[`ForecastMoreDetails snapshot renders correctly 1`] = `
<DocumentFragment>
  <div
    class="forecast-details"
  >
    <h2>
      Thu Jan 01 1970
    </h2>
    <div
      class="forecast-summaries"
    >
      <div
        class="forecast-summary"
        data-testid="forecast-summary"
      >
        <p
          class="forecast-summary__dateOrTime"
        >
          00:00
        </p>
        <div
          class="forecast-summary__icon"
          data-testid="forecast-icon"
        >
          No Data
        </div>
        <p
          class="forecast-summary__description"
        />
        <p
          class="forecast-summary__temp"
        />
      </div>
      <div
        class="forecast-summary"
        data-testid="forecast-summary"
      >
        <p
          class="forecast-summary__dateOrTime"
        >
          03:00
        </p>
        <div
          class="forecast-summary__icon"
          data-testid="forecast-icon"
        >
          No Data
        </div>
        <p
          class="forecast-summary__description"
        />
        <p
          class="forecast-summary__temp"
        />
      </div>
      <div
        class="forecast-summary"
        data-testid="forecast-summary"
      >
        <p
          class="forecast-summary__dateOrTime"
        >
          06:00
        </p>
        <div
          class="forecast-summary__icon"
          data-testid="forecast-icon"
        >
          No Data
        </div>
        <p
          class="forecast-summary__description"
        />
        <p
          class="forecast-summary__temp"
        />
      </div>
      <div
        class="forecast-summary"
        data-testid="forecast-summary"
      >
        <p
          class="forecast-summary__dateOrTime"
        >
          09:00
        </p>
        <div
          class="forecast-summary__icon"
          data-testid="forecast-icon"
        >
          No Data
        </div>
        <p
          class="forecast-summary__description"
        />
        <p
          class="forecast-summary__temp"
        />
      </div>
      <div
        class="forecast-summary"
        data-testid="forecast-summary"
      >
        <p
          class="forecast-summary__dateOrTime"
        >
          12:00
        </p>
        <div
          class="forecast-summary__icon"
          data-testid="forecast-icon"
        >
          No Data
        </div>
        <p
          class="forecast-summary__description"
        />
        <p
          class="forecast-summary__temp"
        />
      </div>
      <div
        class="forecast-summary"
        data-testid="forecast-summary"
      >
        <p
          class="forecast-summary__dateOrTime"
        >
          15:00
        </p>
        <div
          class="forecast-summary__icon"
          data-testid="forecast-icon"
        >
          No Data
        </div>
        <p
          class="forecast-summary__description"
        />
        <p
          class="forecast-summary__temp"
        />
      </div>
      <div
        class="forecast-summary"
        data-testid="forecast-summary"
      >
        <p
          class="forecast-summary__dateOrTime"
        >
          18:00
        </p>
        <div
          class="forecast-summary__icon"
          data-testid="forecast-icon"
        >
          No Data
        </div>
        <p
          class="forecast-summary__description"
        />
        <p
          class="forecast-summary__temp"
        />
      </div>
      <div
        class="forecast-summary"
        data-testid="forecast-summary"
      >
        <p
          class="forecast-summary__dateOrTime"
        >
          21:00
        </p>
        <div
          class="forecast-summary__icon"
          data-testid="forecast-icon"
        >
          No Data
        </div>
        <p
          class="forecast-summary__description"
        />
        <p
          class="forecast-summary__temp"
        />
      </div>
    </div>
    <div
      class="forecast-breakdown"
    >
      <div
        class="forecast-breakdown__icon"
        data-testid="forecast-icon"
      >
        <i
          class="wi wi-day-sunny"
          name="owm"
        />
      </div>
      <p
        class="forecast-breakdown__weather"
      >
        desc 1
      </p>
      <p
        class="forecast-breakdown__temp"
      >
        <span>
          Temperture: 
        </span>
        20.50°C
      </p>
      <p
        class="forecast-breakdown__min-temp"
      >
        <span>
          Minimum Temperature: 
        </span>
        22.00°C
      </p>
      <p
        class="forecast-breakdown__max-temp"
      >
        <span>
          Maximum Temperature: 
        </span>
        23.00°C
      </p>
      <p
        class="forecast-breakdown__humidity"
      >
        <span>
          Humidity: 
        </span>
        11%
      </p>
      <p
        class="forecast-breakdown__wind-speed"
      >
        <span>
          Wind Speed: 
        </span>
        13.50m/s
      </p>
    </div>
  </div>
</DocumentFragment>
`;
