// Jest Snapshot v1, https://goo.gl/fbAQLP

exports[`ForecastSummaries snapshot renders correctlty 1`] = `
<DocumentFragment>
  <div
    class="forecast-summaries"
  >
    <div
      class="forecast-summary"
      data-testid="forecast-summary"
    >
      <div
        class="forecast-summary__date"
      >
        123
      </div>
      <div
        class="forecast-summary__icon"
        data-testid="forecast-icon"
      >
        Icon1
      </div>
      <div
        class="forecast-summary__temperature"
      >
        1°C
      </div>
      <div
        class="forecast-summary__description"
      >
        Desc 1
      </div>
    </div>
    <div
      class="forecast-summary"
      data-testid="forecast-summary"
    >
      <div
        class="forecast-summary__date"
      >
        456
      </div>
      <div
        class="forecast-summary__icon"
        data-testid="forecast-icon"
      >
        Icon2
      </div>
      <div
        class="forecast-summary__temperature"
      >
        2°C
      </div>
      <div
        class="forecast-summary__description"
      >
        Desc 2
      </div>
    </div>
  </div>
</DocumentFragment>
`;
