// Jest Snapshot v1, https://goo.gl/fbAQLP

exports[`LocationDetails snapshot 1`] = `
<DocumentFragment>
  <h1>
    Leeds, GB
  </h1>
</DocumentFragment>
`;
